# Map file for Plastic(QTC)

#[cat][id][Tlead][Ttrail]{Device,fp,det,geo,ch}
#[cat][id][Dev, fp, det, geo, ch,][Dev, fp, det, geo, ch,]

#***************Device****************
#SH->11 CAT->31 Bigrips->0, ZeroDeg->1, DAQ->58
#*************************************

#***************fp********************
#F3->3 F7->7 F5->5 B3F->63
#*************************************

#***************det*******************
#SHBLD = 31 PLAT = 3 PLAQ = 2
#*************************************

#***************geo*******************
#geographical id of VME Crate
#*************************************

#****************ch*******************
#Module channel
#*************************************

#=========================F3============================
#cat, id,[Dev, fp, det, geo, ch,][Dev, fp, det, geo, ch,]
   2,  0,  11,  3,  31,   3, 18,   11,  3,  31,   3, 21 # QTC L->ch 18 R->ch 21 / Pla LR Low Gain
   2,  1,  11,  3,  31,   3, 24,   11,  3,  31,   3, 27 # QTC L->ch 24 R->ch 27 / Pla LR Mid Gain

#=========================F5==========================
#cat, id,[Dev, fp, det, geo, ch,][Dev, fp, det, geo, ch,]
   2,  2,  11,  5,  31,   3, 18,   11,  5,  31,   3, 21 # QTC L->ch 18 R->ch 21 / Pla LR Low Gain
   2,  3,  11,  5,  31,   3, 24,   11,  5,  31,   3, 27 # QTC L->ch 24 R->ch 27 / Pla LR Mid Gain

#=========================F7==========================
#cat, id,[Dev, fp, det, geo, ch,][Dev, fp, det, geo, ch,]

#=========================sva03 BigRIPS(F7)==========================
#cat, id,[Dev, fp, det, geo, ch,][Dev, fp, det, geo, ch,]

