# Map file for Plastic(TDC)

#[cat][id][Tlead][Ttrail]{Device,fp,det,geo,ch}
#[cat][id][Dev, fp, det, geo, ch,][Dev, fp, det, geo, ch,]

#***************Device****************
#SH->11 CAT->31 Bigrips->0, ZeroDeg->1, DAQ->58
#*************************************

#***************fp********************
#F3->3 F7->7 B3F -> 63
#*************************************

#***************det*******************
#SHBLD = 31 PLAT = 3 PLAQ = 2
#*************************************

#***************geo*******************
#geographical id of VME Crate
#*************************************

#****************ch*******************
#Module channel
#*************************************

#=========================F3============================
#cat, id,[Dev, fp, det, geo, ch,][Dev, fp, det, geo, ch,]
   3,  0,  11,  3,  31,   3,  6,   11,  3,  31,   3,  7 # TDC L->ch 6 R->ch 7 / Pla LR Timing

#=========================F5==========================
#cat, id,[Dev, fp, det, geo, ch,][Dev, fp, det, geo, ch,]
   3,  1,  11,  5,  31,   3,  4,   11,  5,  31,   3,  5 # TDC L->ch 6 R->ch 7 / Pla LR Timing

#=========================F7==========================
#cat, id,[Dev, fp, det, geo, ch,][Dev, fp, det, geo, ch,]

#========================= sva03 BigRIPS ==========================
#cat, id,[Dev, fp, det, geo, ch,][Dev, fp, det, geo, ch,]
   3,  2,   0, 63,   3,   6, 16,    0, 63,   3,   6, 17,            #   (sva03)F3PLA L 16ch R 17ch
   3,  3,   0, 63,   3,   6, 18,    0, 63,   3,   6, 19 ,           #   (sva03)F7PLA L 18ch R 19ch

